`function f() {
    return 1;
}
const a = () => 1 + 1;
const b = function (params) {
    console.log()
}
const c = function x() {}
var obj = {
    g: () => {
        return 1;
    },
    h: function () {
        return 2;
    },
}
class C {
    get field() {
        return 1
    }
    set field(f) {
        f = f
        const x = () => {
            console.log("nested")
        }
    }
    method() {
        const things = arr.map(function (t) {
            return t.t
        })
        return "method"
    }
    toString() {
        return "C"
    }
}

Top-level function
function f
return
Arrow fn
Anon fn
Named function in var
Comment @returns 1
Multi
lines
single
comment
Getter
Setter
Class
method
ToString`
