`[BUFF_SIZE]: 5
[ByteBuffer]: 2
[Exceptions]: 1
[File]: 2
[FileInputStream]: 1
[FileObject]: 1
[FileOutputStream]: 2
[GZIPInputStream]: 2
[IOException]: 2
[Math]: 2
[Test]: 1
[allocateDirect]: 1
[bb]: 8
[buffer]: 5
[clear]: 1
[close]: 2
[ex]: 2
[get]: 1
[getGzFile]: 1
[getPath]: 1
[hasRemaining]: 1
[in]: 2
[inputStream]: 7
[isTar]: 2
[len]: 3
[limit]: 1
[min]: 2
[nGet]: 7
[nRead]: 4
[out]: 3
[outStream]: 6
[position]: 1
[printStackTrace]: 1
[put]: 1
[read]: 2
[readTarHeader]: 1
[remaining]: 1
[remainingBytes]: 4
[tmpCache]: 3
[write]: 2`
