`[BROT_MARKER]: 1
[GZIP_MARKER]: 2
[LZMA]: 1
[LZMA_MARKER]: 1
[Promise]: 1
[callback]: 1
[compress]: 1
[compressData]: 1
[compressing]: 1
[console]: 3
[data]: 5
[deflate]: 1
[encoding]: 5
[error]: 3
[gzdata]: 1
[gzip]: 1
[js]: 2
[level]: 1
[log]: 3
[module]: 1
[pako]: 2
[reject]: 2
[resolve]: 2
[result]: 2
[then]: 1
[with]: 1
[xz]: 1`
