`[allocate]: 1
[bb]: 8
[buff]: 5
[buffer]: 7
[byte]: 2
[bytes]: 4
[cache]: 3
[clear]: 1
[close]: 2
[direct]: 1
[ex]: 2
[exception]: 2
[exceptions]: 1
[file]: 7
[get]: 10
[gz]: 1
[gzip]: 2
[has]: 1
[header]: 1
[in]: 2
[input]: 10
[io]: 2
[is]: 2
[len]: 3
[limit]: 1
[math]: 2
[min]: 2
[n]: 11
[object]: 1
[out]: 9
[output]: 2
[path]: 1
[position]: 1
[print]: 1
[put]: 1
[read]: 7
[remaining]: 6
[size]: 5
[stack]: 1
[stream]: 18
[tar]: 3
[test]: 1
[tmp]: 3
[trace]: 1
[write]: 2`
