`[allowed]: 1
[bits]: 1
[body]: 2
[bodylen]: 4
[calccrc]: 2
[check]: 1
[checksum]: 2
[chr]: 2
[comment]: 2
[commentlen]: 6
[compression]: 1
[crc]: 7
[data]: 24
[datacrc]: 4
[error]: 6
[extra]: 2
[extralen]: 7
[failed]: 3
[filename]: 3
[filenamelen]: 6
[flags]: 7
[format]: 1
[gzdecode]: 1
[gzinflate]: 1
[gzip]: 1
[header]: 1
[headercrc]: 5
[headerlen]: 20
[in]: 1
[isize]: 4
[len]: 13
[length]: 1
[maxlength]: 2
[method]: 3
[mtime]: 3
[not]: 2
[ok]: 6
[ord]: 2
[os]: 1
[reserved]: 1
[sprintf]: 2
[strcmp]: 1
[strlen]: 2
[strpos]: 2
[substr]: 17
[u]: 2
[unknown]: 1
[unpack]: 5
[v]: 5
[x1f]: 1
[x8b]: 1
[xfl]: 1`
