`[Checksum]: 1
[FAILED]: 2
[GZIP]: 1
[Header]: 1
[Length]: 1
[Not]: 1
[Reserved]: 1
[Unknown]: 1
[allowed]: 1
[bits]: 1
[body]: 2
[bodylen]: 4
[calccrc]: 2
[check]: 1
[checksum]: 1
[chr]: 2
[comment]: 2
[commentlen]: 6
[compression]: 1
[crc]: 2
[crc32]: 2
[crcOK]: 3
[data]: 24
[datacrc]: 4
[error]: 6
[extra]: 2
[extralen]: 7
[failed]: 1
[filename]: 3
[filenamelen]: 6
[flags]: 7
[format]: 1
[gzdecode1]: 1
[gzinflate]: 1
[headercrc]: 5
[headerlen]: 20
[in]: 1
[isize]: 4
[len]: 10
[lenOK]: 3
[maxlength]: 2
[method]: 3
[mtime]: 3
[not]: 1
[ord]: 2
[os]: 1
[sprintf]: 2
[strcmp]: 1
[strlen]: 2
[strpos]: 2
[substr]: 17
[unpack]: 5
[x1f]: 1
[x8b]: 1
[xfl]: 1`
